[bachittarjeet.github.io/index.html]
[backblue.gif]
[fade.gif]
[index.html]
[bachittarjeet.github.io/css/prettyPhoto.css]
[bachittarjeet.github.io/css/animate.css]
[bachittarjeet.github.io/icon.ico]
[use.fontawesome.com/46d67f5c5d.js]
[bachittarjeet.github.io/images/head-image.jpg]
[bachittarjeet.github.io/css/stylesheet.css]
[bachittarjeet.github.io/images/avatar.jpg]
[bachittarjeet.github.io/images/work01.jpg]
[bachittarjeet.github.io/images/work02.jpg]
[bachittarjeet.github.io/images/work04.jpg]
[bachittarjeet.github.io/images/work03.jpg]
[bachittarjeet.github.io/images/work05.jpg]
[bachittarjeet.github.io/images/work06.jpg]
[bachittarjeet.github.io/images/work07.jpg]
[bachittarjeet.github.io/images/work08.jpg]
[bachittarjeet.github.io/images/work09.png]
[bachittarjeet.github.io/loader.gif]
[bachittarjeet.github.io/js/jquery-1.11.1.min.js]
[bachittarjeet.github.io/js/jquery-migrate-1.2.1.min.js]
[bachittarjeet.github.io/js/bootstrap.min.js]
[bachittarjeet.github.io/js/css_browser_selector.js]
[bachittarjeet.github.io/js/jquery.easing-1.3.js]
[bachittarjeet.github.io/js/jquery.prettyPhoto.js]
[bachittarjeet.github.io/js/jquery.validate.js]
[bachittarjeet.github.io/js/jquery.address-1.5.min.js]
[bachittarjeet.github.io/js/jquery.isotope.min.js]
[bachittarjeet.github.io/js/jquery.circliful.min.js]
[bachittarjeet.github.io/js/wow.min.js]
[bachittarjeet.github.io/js/script.js]
[bachittarjeet.github.io/sendEmail49de.php]
[bachittarjeet.github.io/index.html]
[bachittarjeet.github.io/css/index.html]
[bachittarjeet.github.io/images/prettyPhoto/default/sprite.png]
[bachittarjeet.github.io/images/prettyPhoto/default/sprite_x.png]
[bachittarjeet.github.io/images/prettyPhoto/default/sprite_y.png]
[bachittarjeet.github.io/images/prettyPhoto/default/sprite_next.png]
[bachittarjeet.github.io/images/prettyPhoto/default/sprite_prev.png]
[bachittarjeet.github.io/images/prettyPhoto/default/default_thumb.png]
[bachittarjeet.github.io/images/prettyPhoto/default/loader.gif]
[bachittarjeet.github.io/images/prettyPhoto/light_rounded/sprite.png]
[bachittarjeet.github.io/images/prettyPhoto/light_rounded/btnNext.png]
[bachittarjeet.github.io/images/prettyPhoto/light_rounded/btnPrevious.png]
[bachittarjeet.github.io/images/prettyPhoto/dark_rounded/sprite.png]
[bachittarjeet.github.io/images/prettyPhoto/dark_rounded/contentPattern.png]
[bachittarjeet.github.io/images/prettyPhoto/dark_rounded/btnNext.png]
[bachittarjeet.github.io/images/prettyPhoto/dark_rounded/btnPrevious.png]
[bachittarjeet.github.io/images/prettyPhoto/dark_rounded/loader.gif]
[bachittarjeet.github.io/images/prettyPhoto/dark_square/loader.gif]
[bachittarjeet.github.io/images/prettyPhoto/dark_square/sprite.png]
[bachittarjeet.github.io/images/prettyPhoto/dark_square/btnNext.png]
[bachittarjeet.github.io/images/prettyPhoto/dark_square/btnPrevious.png]
[bachittarjeet.github.io/images/prettyPhoto/light_square/sprite.png]
[bachittarjeet.github.io/images/prettyPhoto/light_square/btnNext.png]
[bachittarjeet.github.io/images/prettyPhoto/light_square/btnPrevious.png]
[bachittarjeet.github.io/images/prettyPhoto/facebook/sprite.png]
[bachittarjeet.github.io/images/prettyPhoto/facebook/contentPatternTop.png]
[bachittarjeet.github.io/images/prettyPhoto/facebook/contentPatternLeft.png]
[bachittarjeet.github.io/images/prettyPhoto/facebook/contentPatternRight.png]
[bachittarjeet.github.io/images/prettyPhoto/facebook/loader.gif]
[bachittarjeet.github.io/images/prettyPhoto/facebook/btnNext.png]
[bachittarjeet.github.io/images/prettyPhoto/facebook/btnPrevious.png]
[bachittarjeet.github.io/images/prettyPhoto/facebook/contentPatternBottom.png]
[bachittarjeet.github.io/images/prettyPhoto/facebook/default_thumbnail.gif]
[bachittarjeet.github.io/images/prettyPhoto/light_rounded/loader.gif]
[bachittarjeet.github.io/css/prettyPhoto.css]
[bachittarjeet.github.io/css/animate.css]
[bachittarjeet.github.io/fonts/glyphicons-halflings-regular.eot]
[bachittarjeet.github.io/fonts/glyphicons-halflings-regulard41d.eot]
[bachittarjeet.github.io/fonts/glyphicons-halflings-regular.woff]
[bachittarjeet.github.io/fonts/glyphicons-halflings-regular.ttf]
[bachittarjeet.github.io/fonts/glyphicons-halflings-regular.svg]
[bachittarjeet.github.io/images/noise.png]
[bachittarjeet.github.io/images/clip.png]
[bachittarjeet.github.io/images/shadow.png]
[bachittarjeet.github.io/images/page-loader.GIF]
[bachittarjeet.github.io/css/stylesheet.css]
[bachittarjeet.github.io/loader.html]
[bachittarjeet.github.io/images/prettyPhoto/default/sprite.html]
[bachittarjeet.github.io/images/prettyPhoto/default/sprite_x.html]
[bachittarjeet.github.io/images/prettyPhoto/default/sprite_y.html]
[bachittarjeet.github.io/images/prettyPhoto/default/sprite_next.html]
[bachittarjeet.github.io/images/prettyPhoto/default/sprite_prev.html]
[bachittarjeet.github.io/images/prettyPhoto/default/default_thumb.html]
[bachittarjeet.github.io/images/prettyPhoto/default/loader.html]
[bachittarjeet.github.io/images/prettyPhoto/light_rounded/sprite.html]
[bachittarjeet.github.io/images/prettyPhoto/light_rounded/btnNext.html]
[bachittarjeet.github.io/images/prettyPhoto/light_rounded/btnPrevious.html]
[bachittarjeet.github.io/images/prettyPhoto/dark_rounded/sprite.html]
[bachittarjeet.github.io/images/prettyPhoto/dark_rounded/contentPattern.html]
[bachittarjeet.github.io/images/prettyPhoto/dark_rounded/btnNext.html]
[bachittarjeet.github.io/images/prettyPhoto/dark_rounded/btnPrevious.html]
[bachittarjeet.github.io/images/prettyPhoto/dark_rounded/loader.html]
[bachittarjeet.github.io/images/prettyPhoto/dark_square/loader.html]
[bachittarjeet.github.io/images/prettyPhoto/dark_square/sprite.html]
[bachittarjeet.github.io/images/prettyPhoto/dark_square/btnNext.html]
[bachittarjeet.github.io/images/prettyPhoto/dark_square/btnPrevious.html]
[bachittarjeet.github.io/images/prettyPhoto/light_square/sprite.html]
[bachittarjeet.github.io/images/prettyPhoto/light_square/btnNext.html]
[bachittarjeet.github.io/images/prettyPhoto/light_square/btnPrevious.html]
[bachittarjeet.github.io/images/prettyPhoto/facebook/sprite.html]
[bachittarjeet.github.io/images/prettyPhoto/facebook/contentPatternTop.html]
[bachittarjeet.github.io/images/prettyPhoto/facebook/contentPatternLeft.html]
[bachittarjeet.github.io/images/prettyPhoto/facebook/contentPatternRight.html]
[bachittarjeet.github.io/images/prettyPhoto/facebook/loader.html]
[bachittarjeet.github.io/images/prettyPhoto/facebook/btnNext.html]
[bachittarjeet.github.io/images/prettyPhoto/facebook/btnPrevious.html]
[bachittarjeet.github.io/images/prettyPhoto/facebook/contentPatternBottom.html]
[bachittarjeet.github.io/images/prettyPhoto/facebook/default_thumbnail.html]
[bachittarjeet.github.io/images/prettyPhoto/light_rounded/loader.html]
[bachittarjeet.github.io/fonts/glyphicons-halflings-regular.html]
[bachittarjeet.github.io/fonts/glyphicons-halflings-regulard41d.html]
[bachittarjeet.github.io/fonts/glyphicons-halflings-regular-2.html]
[bachittarjeet.github.io/fonts/glyphicons-halflings-regular-3.html]
[bachittarjeet.github.io/fonts/glyphicons-halflings-regular-4.html]
[bachittarjeet.github.io/images/noise.html]
[bachittarjeet.github.io/images/clip.html]
[bachittarjeet.github.io/images/shadow.html]
[bachittarjeet.github.io/images/page-loader.html]
